==========================================
Byze Regtest Mining Test
==========================================

1. Cleaning up existing instances...
[0;32m✓ Cleanup complete[0m

2. Starting regtest daemon...
Byze starting
   Waiting for daemon to initialize...
.[0;32m✓ Daemon is running and responsive[0m

3. Initial blockchain state:
   Initial block height: 0
   Initial difficulty: N/A

4. Setting up wallet...
[0;32m✓ Wallet ready[0m
   Mining address: bcrt1qp9s8w0avhshhzufxul8t49swn6fcz4kktqyj96

5. Testing block mining (target: 5 blocks)...
   Note: RandomX mining may take time, retrying if needed...

   Attempt 1: Mining 5 block(s) (current height: 0)...
   [1;33m⚠ Timeout (expected with RandomX, will retry)[0m
   Attempt 2: Mining 5 block(s) (current height: 0)...
   [1;33m⚠ Timeout (expected with RandomX, will retry)[0m
   Attempt 3: Mining 5 block(s) (current height: 0)...
   [1;33m⚠ Timeout (expected with RandomX, will retry)[0m
   Attempt 4: Mining 5 block(s) (current height: 0)...
   [1;33m⚠ Timeout (expected with RandomX, will retry)[0m
   Attempt 5: Mining 5 block(s) (current height: 0)...
   [1;33m⚠ Timeout (expected with RandomX, will retry)[0m
   Attempt 6: Mining 5 block(s) (current height: 0)...
   [1;33m⚠ Timeout (expected with RandomX, will retry)[0m
   Attempt 7: Mining 5 block(s) (current height: 0)...
   [1;33m⚠ Timeout (expected with RandomX, will retry)[0m
   Attempt 8: Mining 5 block(s) (current height: 0)...
   [1;33m⚠ Timeout (expected with RandomX, will retry)[0m
   Attempt 9: Mining 5 block(s) (current height: 0)...
   [1;33m⚠ Timeout (expected with RandomX, will retry)[0m
   Attempt 10: Mining 5 block(s) (current height: 0)...
   [1;33m⚠ Timeout (expected with RandomX, will retry)[0m

